java.lang.IllegalStateException: showAndWait is not allowed during animation or layout processing
  at javafx.graphics@21/javafx.stage.Stage.showAndWait(Stage.java:459)
  at org.example.fitsense@1.0-SNAPSHOT/controllers.WorkoutDetailController.showFeedbackDialog(WorkoutDetailController.java:236)
  at org.example.fitsense@1.0-SNAPSHOT/controllers.WorkoutDetailController.lambda$onStartWorkout$0(WorkoutDetailController.java:214)
  at javafx.graphics@21/javafx.animation.Animation.runHandler(Animation.java:1102)
  at javafx.graphics@21/javafx.animation.Animation.finished(Animation.java:1096)
  at javafx.graphics@21/javafx.animation.AnimationAccessorImpl.finished(AnimationAccessorImpl.java:49)
  at javafx.graphics@21/com.sun.scenario.animation.shared.SingleLoopClipEnvelope.timePulse(SingleLoopClipEnvelope.java:107)
  at javafx.graphics@21/javafx.animation.Animation.doTimePulse(Animation.java:1189)
  at javafx.graphics@21/javafx.animation.Animation$1.lambda$timePulse$0(Animation.java:207)
  at java.base/java.security.AccessController.doPrivileged(AccessController.java:138)
  at javafx.graphics@21/javafx.animation.Animation$1.timePulse(Animation.java:206)
  at javafx.graphics@21/com.sun.scenario.animation.AbstractPrimaryTimer.timePulseImpl(AbstractPrimaryTimer.java:343)
  at javafx.graphics@21/com.sun.scenario.animation.AbstractPrimaryTimer$MainLoop.run(AbstractPrimaryTimer.java:266)
  at javafx.graphics@21/com.sun.javafx.tk.quantum.QuantumToolkit.pulse(QuantumToolkit.java:588)
  at javafx.graphics@21/com.sun.javafx.tk.quantum.QuantumToolkit.pulse(QuantumToolkit.java:572)
  at javafx.graphics@21/com.sun.javafx.tk.quantum.QuantumToolkit.pulseFromQueue(QuantumToolkit.java:565)
  at javafx.graphics@21/com.sun.javafx.tk.quantum.QuantumToolkit.lambda$runToolkit$11(QuantumToolkit.java:352)
  at javafx.graphics@21/com.sun.glass.ui.InvokeLaterDispatcher$Future.run(InvokeLaterDispatcher.java:95)
  at javafx.graphics@21/com.sun.glass.ui.win.WinApplication._runLoop(Native Method)
  at javafx.graphics@21/com.sun.glass.ui.win.WinApplication.lambda$runLoop$3(WinApplication.java:185)
  at java.base/java.lang.Thread.run(Thread.java:1474)
